// Jest Snapshot v1, https://goo.gl/fbAQLP

exports[`SignUpContainer  renders without crashing 1`] = `
ShallowWrapper {
  Symbol(enzyme.__root__): [Circular],
  Symbol(enzyme.__unrendered__): <LoginContainer />,
  Symbol(enzyme.__renderer__): Object {
    "batchedUpdates": [Function],
    "checkPropTypes": [Function],
    "getNode": [Function],
    "render": [Function],
    "simulateError": [Function],
    "simulateEvent": [Function],
    "unmount": [Function],
  },
  Symbol(enzyme.__node__): Object {
    "instance": null,
    "key": undefined,
    "nodeType": "function",
    "props": Object {
      "children": Array [
        <FormField>
          <FormInput
            as={[Function]}
            control={[Function]}
            name="email"
            onChange={[Function]}
            placeholder="Email"
            value=""
          />
        </FormField>,
        <FormField>
          <FormInput
            as={[Function]}
            control={[Function]}
            name="password"
            onChange={[Function]}
            placeholder="Password"
            type="password"
            value=""
          />
        </FormField>,
        <Button
          as="button"
          className="index-button"
          color="teal"
          onClick={[Function]}
        >
          Login
        </Button>,
      ],
      "vertical": true,
    },
    "ref": null,
    "rendered": Array [
      Object {
        "instance": null,
        "key": undefined,
        "nodeType": "function",
        "props": Object {
          "children": <FormInput
            as={[Function]}
            control={[Function]}
            name="email"
            onChange={[Function]}
            placeholder="Email"
            value=""
          />,
        },
        "ref": null,
        "rendered": Object {
          "instance": null,
          "key": undefined,
          "nodeType": "function",
          "props": Object {
            "as": [Function],
            "control": [Function],
            "name": "email",
            "onChange": [Function],
            "placeholder": "Email",
            "value": "",
          },
          "ref": null,
          "rendered": null,
          "type": [Function],
        },
        "type": [Function],
      },
      Object {
        "instance": null,
        "key": undefined,
        "nodeType": "function",
        "props": Object {
          "children": <FormInput
            as={[Function]}
            control={[Function]}
            name="password"
            onChange={[Function]}
            placeholder="Password"
            type="password"
            value=""
          />,
        },
        "ref": null,
        "rendered": Object {
          "instance": null,
          "key": undefined,
          "nodeType": "function",
          "props": Object {
            "as": [Function],
            "control": [Function],
            "name": "password",
            "onChange": [Function],
            "placeholder": "Password",
            "type": "password",
            "value": "",
          },
          "ref": null,
          "rendered": null,
          "type": [Function],
        },
        "type": [Function],
      },
      Object {
        "instance": null,
        "key": undefined,
        "nodeType": "class",
        "props": Object {
          "as": "button",
          "children": "Login",
          "className": "index-button",
          "color": "teal",
          "loading": undefined,
          "onClick": [Function],
        },
        "ref": null,
        "rendered": "Login",
        "type": [Function],
      },
    ],
    "type": [Function],
  },
  Symbol(enzyme.__nodes__): Array [
    Object {
      "instance": null,
      "key": undefined,
      "nodeType": "function",
      "props": Object {
        "children": Array [
          <FormField>
            <FormInput
              as={[Function]}
              control={[Function]}
              name="email"
              onChange={[Function]}
              placeholder="Email"
              value=""
            />
          </FormField>,
          <FormField>
            <FormInput
              as={[Function]}
              control={[Function]}
              name="password"
              onChange={[Function]}
              placeholder="Password"
              type="password"
              value=""
            />
          </FormField>,
          <Button
            as="button"
            className="index-button"
            color="teal"
            onClick={[Function]}
          >
            Login
          </Button>,
        ],
        "vertical": true,
      },
      "ref": null,
      "rendered": Array [
        Object {
          "instance": null,
          "key": undefined,
          "nodeType": "function",
          "props": Object {
            "children": <FormInput
              as={[Function]}
              control={[Function]}
              name="email"
              onChange={[Function]}
              placeholder="Email"
              value=""
            />,
          },
          "ref": null,
          "rendered": Object {
            "instance": null,
            "key": undefined,
            "nodeType": "function",
            "props": Object {
              "as": [Function],
              "control": [Function],
              "name": "email",
              "onChange": [Function],
              "placeholder": "Email",
              "value": "",
            },
            "ref": null,
            "rendered": null,
            "type": [Function],
          },
          "type": [Function],
        },
        Object {
          "instance": null,
          "key": undefined,
          "nodeType": "function",
          "props": Object {
            "children": <FormInput
              as={[Function]}
              control={[Function]}
              name="password"
              onChange={[Function]}
              placeholder="Password"
              type="password"
              value=""
            />,
          },
          "ref": null,
          "rendered": Object {
            "instance": null,
            "key": undefined,
            "nodeType": "function",
            "props": Object {
              "as": [Function],
              "control": [Function],
              "name": "password",
              "onChange": [Function],
              "placeholder": "Password",
              "type": "password",
              "value": "",
            },
            "ref": null,
            "rendered": null,
            "type": [Function],
          },
          "type": [Function],
        },
        Object {
          "instance": null,
          "key": undefined,
          "nodeType": "class",
          "props": Object {
            "as": "button",
            "children": "Login",
            "className": "index-button",
            "color": "teal",
            "loading": undefined,
            "onClick": [Function],
          },
          "ref": null,
          "rendered": "Login",
          "type": [Function],
        },
      ],
      "type": [Function],
    },
  ],
  Symbol(enzyme.__options__): Object {
    "adapter": ReactSixteenAdapter {
      "options": Object {
        "enableComponentDidUpdateOnSetState": true,
        "legacyContextMode": "parent",
        "lifecycles": Object {
          "componentDidUpdate": Object {
            "onSetState": true,
          },
          "getChildContext": Object {
            "calledByRenderer": false,
          },
          "getDerivedStateFromError": true,
          "getDerivedStateFromProps": Object {
            "hasShouldComponentUpdateBug": false,
          },
          "getSnapshotBeforeUpdate": true,
          "setState": Object {
            "skipsComponentDidUpdateOnNullish": true,
          },
        },
      },
    },
  },
  Symbol(enzyme.__childContext__): null,
}
`;
